Traceback (most recent call last):
  File "/Users/panor/miniconda3/envs/vlxman/lib/python3.12/site-packages/jupyter_core/utils/__init__.py", line 154, in wrapped
    asyncio.get_running_loop()
RuntimeError: no running event loop

During handling of the above exception, another exception occurred:

Traceback (most recent call last):
  File "/Users/panor/miniconda3/envs/vlxman/lib/python3.12/site-packages/jupyter_cache/executors/utils.py", line 58, in single_nb_execution
    executenb(
  File "/Users/panor/miniconda3/envs/vlxman/lib/python3.12/site-packages/nbclient/client.py", line 1319, in execute
    return NotebookClient(nb=nb, resources=resources, km=km, **kwargs).execute()
           ^^^^^^^^^^^^^^^^^^^^^^^^^^^^^^^^^^^^^^^^^^^^^^^^^^^^^^^^^^^^^^^^^^^^^
  File "/Users/panor/miniconda3/envs/vlxman/lib/python3.12/site-packages/jupyter_core/utils/__init__.py", line 158, in wrapped
    return loop.run_until_complete(inner)
           ^^^^^^^^^^^^^^^^^^^^^^^^^^^^^^
  File "/Users/panor/miniconda3/envs/vlxman/lib/python3.12/asyncio/base_events.py", line 691, in run_until_complete
    return future.result()
           ^^^^^^^^^^^^^^^
  File "/Users/panor/miniconda3/envs/vlxman/lib/python3.12/site-packages/nbclient/client.py", line 709, in async_execute
    await self.async_execute_cell(
  File "/Users/panor/miniconda3/envs/vlxman/lib/python3.12/site-packages/nbclient/client.py", line 1062, in async_execute_cell
    await self._check_raise_for_error(cell, cell_index, exec_reply)
  File "/Users/panor/miniconda3/envs/vlxman/lib/python3.12/site-packages/nbclient/client.py", line 918, in _check_raise_for_error
    raise CellExecutionError.from_cell_and_msg(cell, exec_reply_content)
nbclient.exceptions.CellExecutionError: An error occurred while executing the following cell:
------------------
solvator.custom_solvate(
    solute,
    solvents=[water, propylene_glycol],
    proportion=(50, 50),
    box_size=(25, 25, 25),
)

solvator.show_solvation_box()
------------------


[31m---------------------------------------------------------------------------[39m
[31mTypeError[39m                                 Traceback (most recent call last)
[36mCell[39m[36m [39m[32mIn[8][39m[32m, line 1[39m
[32m----> [39m[32m1[39m [43msolvator[49m[43m.[49m[43mcustom_solvate[49m[43m([49m
[32m      2[39m [43m    [49m[43msolute[49m[43m,[49m
[32m      3[39m [43m    [49m[43msolvents[49m[43m=[49m[43m[[49m[43mwater[49m[43m,[49m[43m [49m[43mpropylene_glycol[49m[43m][49m[43m,[49m
[32m      4[39m [43m    [49m[43mproportion[49m[43m=[49m[43m([49m[32;43m50[39;49m[43m,[49m[43m [49m[32;43m50[39;49m[43m)[49m[43m,[49m
[32m      5[39m [43m    [49m[43mbox_size[49m[43m=[49m[43m([49m[32;43m25[39;49m[43m,[49m[43m [49m[32;43m25[39;49m[43m,[49m[43m [49m[32;43m25[39;49m[43m)[49m[43m,[49m
[32m      6[39m [43m)[49m
[32m      8[39m solvator.show_solvation_box()

[31mTypeError[39m: SolvationBuilder.custom_solvate() got an unexpected keyword argument 'proportion'

