                Vibrational Analysis                
               ======================               

Vibrational Mode      1                             
----------------------------------------------------
Harmonic frequency:                 178.88  cm**-1  
Reduced mass:                       3.4277  amu     
Force constant:                     0.0646  mdyne/A 
IR intensity:                       3.4599  km/mol  
Normal mode:                                        

                           X           Y           Z
1       C             0.0045      0.0174      0.1904
2       C            -0.0055     -0.0213     -0.2338
3       C            -0.0057     -0.0221     -0.2419
4       O             0.0053      0.0205      0.2243
5       H            -0.0143     -0.0556     -0.6093
6       H             0.0099      0.0383      0.4199
7       H             0.0086      0.0332      0.3638
8       H            -0.0079     -0.0305     -0.3341


Vibrational Mode      2                             
----------------------------------------------------
Harmonic frequency:                 319.26  cm**-1  
Reduced mass:                       2.6666  amu     
Force constant:                     0.1601  mdyne/A 
IR intensity:                       8.7985  km/mol  
Normal mode:                                        

                           X           Y           Z
1       C             0.0833      0.1572     -0.0163
2       C             0.0130     -0.2274      0.0204
3       C            -0.0532     -0.1632      0.0161
4       O            -0.0195      0.1626     -0.0144
5       H            -0.2942     -0.2623      0.0309
6       H            -0.2317      0.4488     -0.0355
7       H             0.4854      0.3079     -0.0395
8       H            -0.1629     -0.2948      0.0307


Vibrational Mode      3                             
----------------------------------------------------
Harmonic frequency:                 573.43  cm**-1  
Reduced mass:                       4.8227  amu     
Force constant:                     0.9343  mdyne/A 
IR intensity:                       6.2828  km/mol  
Normal mode:                                        

                           X           Y           Z
1       C            -0.2793     -0.0456      0.0107
2       C            -0.2106     -0.0134      0.0062
3       C             0.2054     -0.1448      0.0084
4       O             0.2794      0.1945     -0.0243
5       H             0.1266     -0.1757      0.0130
6       H            -0.1211     -0.2004      0.0211
7       H            -0.5183     -0.1319      0.0243
8       H            -0.5320     -0.1511      0.0263


Vibrational Mode      4                             
----------------------------------------------------
Harmonic frequency:                 609.90  cm**-1  
Reduced mass:                       1.1793  amu     
Force constant:                     0.2585  mdyne/A 
IR intensity:                       7.6422  km/mol  
Normal mode:                                        

                           X           Y           Z
1       C             0.0003      0.0013      0.0139
2       C            -0.0028     -0.0110     -0.1201
3       C             0.0007      0.0026      0.0286
4       O             0.0000      0.0000      0.0002
5       H             0.0102      0.0396      0.4342
6       H             0.0154      0.0595      0.6524
7       H            -0.0118     -0.0455     -0.4990
8       H             0.0079      0.0306      0.3356


Vibrational Mode      5                             
----------------------------------------------------
Harmonic frequency:                 916.93  cm**-1  
Reduced mass:                       1.5446  amu     
Force constant:                     0.7651  mdyne/A 
IR intensity:                      20.1488  km/mol  
Normal mode:                                        

                           X           Y           Z
1       C            -0.0818     -0.1085      0.0118
2       C            -0.0443     -0.0729      0.0077
3       C             0.0449      0.1359     -0.0135
4       O             0.0376     -0.0128      0.0003
5       H             0.1815      0.1956     -0.0221
6       H            -0.6102      0.3734     -0.0197
7       H             0.5193      0.1248     -0.0236
8       H             0.2818      0.0509     -0.0113


Vibrational Mode      6                             
----------------------------------------------------
Harmonic frequency:                 989.42  cm**-1  
Reduced mass:                       1.3104  amu     
Force constant:                     0.7558  mdyne/A 
IR intensity:                      38.2833  km/mol  
Normal mode:                                        

                           X           Y           Z
1       C             0.0037      0.0144      0.1576
2       C            -0.0004     -0.0017     -0.0186
3       C            -0.0010     -0.0039     -0.0430
4       O             0.0003      0.0011      0.0122
5       H             0.0037      0.0143      0.1567
6       H            -0.0150     -0.0582     -0.6380
7       H            -0.0169     -0.0653     -0.7160
8       H            -0.0033     -0.0128     -0.1404


Vibrational Mode      7                             
----------------------------------------------------
Harmonic frequency:                1027.55  cm**-1  
Reduced mass:                       1.4647  amu     
Force constant:                     0.9112  mdyne/A 
IR intensity:                       7.8961  km/mol  
Normal mode:                                        

                           X           Y           Z
1       C             0.0013      0.0051      0.0561
2       C            -0.0035     -0.0135     -0.1477
3       C             0.0029      0.0111      0.1219
4       O            -0.0007     -0.0029     -0.0312
5       H            -0.0104     -0.0404     -0.4431
6       H            -0.0086     -0.0334     -0.3665
7       H             0.0042      0.0161      0.1764
8       H             0.0181      0.0700      0.7672


Vibrational Mode      8                             
----------------------------------------------------
Harmonic frequency:                1038.36  cm**-1  
Reduced mass:                       1.3219  amu     
Force constant:                     0.8397  mdyne/A 
IR intensity:                       2.9145  km/mol  
Normal mode:                                        

                           X           Y           Z
1       C             0.0002      0.0007      0.0078
2       C            -0.0002     -0.0009     -0.0103
3       C             0.0038      0.0148      0.1618
4       O            -0.0009     -0.0034     -0.0377
5       H            -0.0158     -0.0611     -0.6693
6       H             0.0069      0.0265      0.2906
7       H            -0.0096     -0.0371     -0.4067
8       H            -0.0121     -0.0470     -0.5154


Vibrational Mode      9                             
----------------------------------------------------
Harmonic frequency:                1160.45  cm**-1  
Reduced mass:                       1.9423  amu     
Force constant:                     1.5411  mdyne/A 
IR intensity:                      34.4776  km/mol  
Normal mode:                                        

                           X           Y           Z
1       C             0.0470      0.0376     -0.0045
2       C            -0.0199     -0.1756      0.0165
3       C             0.0389      0.2147     -0.0205
4       O            -0.0121     -0.0335      0.0033
5       H             0.1153      0.2551     -0.0260
6       H             0.2120     -0.1172      0.0057
7       H            -0.2011     -0.0597      0.0102
8       H            -0.7197     -0.4607      0.0590


Vibrational Mode      10                            
----------------------------------------------------
Harmonic frequency:                1279.52  cm**-1  
Reduced mass:                       1.5160  amu     
Force constant:                     1.4624  mdyne/A 
IR intensity:                       4.6719  km/mol  
Normal mode:                                        

                           X           Y           Z
1       C            -0.0592      0.1209     -0.0096
2       C             0.0040     -0.1627      0.0147
3       C             0.0004      0.0325     -0.0030
4       O             0.0124     -0.0002     -0.0003
5       H             0.1242      0.0813     -0.0103
6       H             0.0996     -0.0411      0.0014
7       H            -0.5439     -0.0544      0.0178
8       H             0.7772      0.1271     -0.0299


Vibrational Mode      11                            
----------------------------------------------------
Harmonic frequency:                1380.95  cm**-1  
Reduced mass:                       1.1766  amu     
Force constant:                     1.3220  mdyne/A 
IR intensity:                       8.5154  km/mol  
Normal mode:                                        

                           X           Y           Z
1       C             0.0164      0.0078     -0.0011
2       C            -0.0888     -0.0162      0.0036
3       C            -0.0158     -0.0557      0.0054
4       O            -0.0316      0.0391     -0.0028
5       H             0.7206      0.2527     -0.0400
6       H             0.3664     -0.2941      0.0182
7       H             0.3928      0.1306     -0.0212
8       H             0.0718      0.0529     -0.0065


Vibrational Mode      12                            
----------------------------------------------------
Harmonic frequency:                1437.94  cm**-1  
Reduced mass:                       1.2199  amu     
Force constant:                     1.4861  mdyne/A 
IR intensity:                       9.5439  km/mol  
Normal mode:                                        

                           X           Y           Z
1       C            -0.0376      0.0220     -0.0011
2       C            -0.0839     -0.0240      0.0042
3       C             0.0162      0.0670     -0.0065
4       O             0.0514     -0.0311      0.0016
5       H            -0.5997     -0.1740      0.0300
6       H             0.4162     -0.3778      0.0247
7       H             0.4461      0.1934     -0.0282
8       H             0.1765      0.0785     -0.0113


Vibrational Mode      13                            
----------------------------------------------------
Harmonic frequency:                1691.76  cm**-1  
Reduced mass:                       4.6251  amu     
Force constant:                     7.7992  mdyne/A 
IR intensity:                       3.0462  km/mol  
Normal mode:                                        

                           X           Y           Z
1       C             0.3824     -0.0562     -0.0039
2       C            -0.4140      0.0098      0.0089
3       C            -0.0254      0.0188     -0.0011
4       O             0.0702     -0.0020     -0.0015
5       H            -0.1626     -0.0275      0.0063
6       H            -0.1019      0.4581     -0.0394
7       H            -0.3696     -0.3834      0.0437
8       H             0.1989      0.3129     -0.0332


Vibrational Mode      14                            
----------------------------------------------------
Harmonic frequency:                1823.14  cm**-1  
Reduced mass:                      10.0961  amu     
Force constant:                    19.7717  mdyne/A 
IR intensity:                     221.6294  km/mol  
Normal mode:                                        

                           X           Y           Z
1       C            -0.0227      0.0111     -0.0005
2       C             0.0984      0.0008     -0.0024
3       C            -0.7108      0.0421      0.0129
4       O             0.4722     -0.0583     -0.0058
5       H             0.2396      0.3728     -0.0396
6       H             0.0063     -0.0162      0.0013
7       H             0.0395      0.0247     -0.0032
8       H            -0.2130     -0.1003      0.0142


Vibrational Mode      15                            
----------------------------------------------------
Harmonic frequency:                2866.01  cm**-1  
Reduced mass:                       1.0843  amu     
Force constant:                     5.2474  mdyne/A 
IR intensity:                     105.5145  km/mol  
Normal mode:                                        

                           X           Y           Z
1       C             0.0010     -0.0002     -0.0000
2       C            -0.0028     -0.0013      0.0002
3       C            -0.0276      0.0782     -0.0065
4       O            -0.0020     -0.0003      0.0001
5       H             0.3787     -0.9186      0.0749
6       H             0.0023     -0.0056      0.0005
7       H             0.0032      0.0093     -0.0009
8       H            -0.0025      0.0053     -0.0004


Vibrational Mode      16                            
----------------------------------------------------
Harmonic frequency:                3133.81  cm**-1  
Reduced mass:                       1.0610  amu     
Force constant:                     6.1392  mdyne/A 
IR intensity:                       3.7217  km/mol  
Normal mode:                                        

                           X           Y           Z
1       C            -0.0631      0.0275     -0.0010
2       C             0.0042      0.0075     -0.0008
3       C             0.0009      0.0011     -0.0001
4       O            -0.0006     -0.0001      0.0000
5       H             0.0008     -0.0091      0.0008
6       H             0.3838      0.4344     -0.0487
7       H             0.2754     -0.7516      0.0621
8       H             0.0402     -0.1022      0.0084


Vibrational Mode      17                            
----------------------------------------------------
Harmonic frequency:                3176.39  cm**-1  
Reduced mass:                       1.0956  amu     
Force constant:                     6.5131  mdyne/A 
IR intensity:                       1.5941  km/mol  
Normal mode:                                        

                           X           Y           Z
1       C             0.0090     -0.0168      0.0013
2       C            -0.0359      0.0791     -0.0064
3       C            -0.0029     -0.0010      0.0002
4       O             0.0009      0.0000     -0.0000
5       H             0.0014     -0.0045      0.0004
6       H             0.0298      0.0342     -0.0038
7       H            -0.0543      0.1490     -0.0123
8       H             0.3633     -0.9095      0.0744


Vibrational Mode      18                            
----------------------------------------------------
Harmonic frequency:                3236.52  cm**-1  
Reduced mass:                       1.1166  amu     
Force constant:                     6.8911  mdyne/A 
IR intensity:                       2.9696  km/mol  
Normal mode:                                        

                           X           Y           Z
1       C             0.0321      0.0926     -0.0092
2       C            -0.0068      0.0114     -0.0009
3       C            -0.0003     -0.0001      0.0000
4       O             0.0001     -0.0000      0.0000
5       H            -0.0018     -0.0037      0.0004
6       H            -0.5498     -0.5929      0.0670
7       H             0.2035     -0.5213      0.0428
8       H             0.0496     -0.1197      0.0098


Resonance Raman
==================

Vibrational Mode      1
----------------------------------------------------
       Frequency            Raman activity
----------------------------------------------------
        0.050000  a.u.              1.7892  A**4/amu
        0.100000  a.u.              2.4195  A**4/amu


Vibrational Mode      2
----------------------------------------------------
       Frequency            Raman activity
----------------------------------------------------
        0.050000  a.u.              1.2820  A**4/amu
        0.100000  a.u.              2.2753  A**4/amu


Vibrational Mode      3
----------------------------------------------------
       Frequency            Raman activity
----------------------------------------------------
        0.050000  a.u.              5.8623  A**4/amu
        0.100000  a.u.              7.8316  A**4/amu


Vibrational Mode      4
----------------------------------------------------
       Frequency            Raman activity
----------------------------------------------------
        0.050000  a.u.              3.2196  A**4/amu
        0.100000  a.u.              3.6486  A**4/amu


Vibrational Mode      5
----------------------------------------------------
       Frequency            Raman activity
----------------------------------------------------
        0.050000  a.u.              1.2754  A**4/amu
        0.100000  a.u.              1.2590  A**4/amu


Vibrational Mode      6
----------------------------------------------------
       Frequency            Raman activity
----------------------------------------------------
        0.050000  a.u.              1.0133  A**4/amu
        0.100000  a.u.              1.9249  A**4/amu


Vibrational Mode      7
----------------------------------------------------
       Frequency            Raman activity
----------------------------------------------------
        0.050000  a.u.              4.4151  A**4/amu
        0.100000  a.u.              6.0851  A**4/amu


Vibrational Mode      8
----------------------------------------------------
       Frequency            Raman activity
----------------------------------------------------
        0.050000  a.u.              3.4205  A**4/amu
        0.100000  a.u.              3.9574  A**4/amu


Vibrational Mode      9
----------------------------------------------------
       Frequency            Raman activity
----------------------------------------------------
        0.050000  a.u.             13.0512  A**4/amu
        0.100000  a.u.             19.2619  A**4/amu


Vibrational Mode      10
----------------------------------------------------
       Frequency            Raman activity
----------------------------------------------------
        0.050000  a.u.              8.6600  A**4/amu
        0.100000  a.u.             10.7913  A**4/amu


Vibrational Mode      11
----------------------------------------------------
       Frequency            Raman activity
----------------------------------------------------
        0.050000  a.u.             24.4327  A**4/amu
        0.100000  a.u.             33.8738  A**4/amu


Vibrational Mode      12
----------------------------------------------------
       Frequency            Raman activity
----------------------------------------------------
        0.050000  a.u.              5.5284  A**4/amu
        0.100000  a.u.              7.3456  A**4/amu


Vibrational Mode      13
----------------------------------------------------
       Frequency            Raman activity
----------------------------------------------------
        0.050000  a.u.             37.2463  A**4/amu
        0.100000  a.u.             71.4312  A**4/amu


Vibrational Mode      14
----------------------------------------------------
       Frequency            Raman activity
----------------------------------------------------
        0.050000  a.u.             66.4700  A**4/amu
        0.100000  a.u.            111.2732  A**4/amu


Vibrational Mode      15
----------------------------------------------------
       Frequency            Raman activity
----------------------------------------------------
        0.050000  a.u.            113.4754  A**4/amu
        0.100000  a.u.            133.0207  A**4/amu


Vibrational Mode      16
----------------------------------------------------
       Frequency            Raman activity
----------------------------------------------------
        0.050000  a.u.             79.7595  A**4/amu
        0.100000  a.u.             83.7763  A**4/amu


Vibrational Mode      17
----------------------------------------------------
       Frequency            Raman activity
----------------------------------------------------
        0.050000  a.u.            113.4041  A**4/amu
        0.100000  a.u.            127.9174  A**4/amu


Vibrational Mode      18
----------------------------------------------------
       Frequency            Raman activity
----------------------------------------------------
        0.050000  a.u.             75.0880  A**4/amu
        0.100000  a.u.             86.5829  A**4/amu


