!========================================================================================================================!
!                                                                                                                        !
!                                                       VELOXCHEM                                                        !
!                                              AN ELECTRONIC STRUCTURE CODE                                              !
!                                                                                                                        !
!                                        Copyright 2018-2025 VeloxChem developers                                        !
!========================================================================================================================!
!                                VeloxChem execution started at Mon Jun 15 12:29:00 2026.                                !
!========================================================================================================================!
                                                                                                                          
* Info * Using 32 OpenMP threads per MPI process.                                                                         
                                                                                                                          
* Info * Reading input file h2o-loprop.inp...                                                                             
                                                                                                                          
* Info * @jobs                                                                                                            
* Info * task: loprop                                                                                                     
* Info * @end                                                                                                             
                                                                                                                          
* Info * @method_settings                                                                                                 
* Info * xcfun: b3lyp                                                                                                     
* Info * basis: ANO-S-VDZP                                                                                                
* Info * @end                                                                                                             
                                                                                                                          
                                              Molecular Geometry (Angstroms)                                              
                                             ================================                                             
                                                                                                                          
                          Atom         Coordinate X          Coordinate Y          Coordinate Z                           
                                                                                                                          
                           O           0.000000000000        0.000000000000       -0.165350700000                         
                           H           0.749368200000        0.000000000000        0.442432900000                         
                           H          -0.749368200000        0.000000000000        0.442432900000                         
                                                                                                                          
                          Molecular charge            : 0                                                                 
                          Spin multiplicity           : 1                                                                 
                          Number of atoms             : 3                                                                 
                          Number of alpha electrons   : 5                                                                 
                          Number of beta  electrons   : 5                                                                 
                                                                                                                          
* Info * Reading basis set from file: /home/linares/miniconda3/envs/vlxsrc/lib/python3.13/site-packages/veloxchem/basis/ANO-S-VDZP
                                                                                                                          
                                              Molecular Basis (Atomic Basis)                                              
                                             ================================                                             
                                                                                                                          
                               Basis: ANO-S-VDZP                                                                          
                                                                                                                          
                               Atom Contracted GTOs           Primitive GTOs                                              
                                                                                                                          
                               O     (3S,2P,1D)                (30S,12P,3D)                                               
                               H     (2S,1P)                   (14S,3P)                                                   
                                                                                                                          
                               Contracted Basis Functions : 24                                                            
                               Primitive Basis Functions  : 127                                                           
                                                                                                                          
                                                                                                                          
                                            Self Consistent Field Driver Setup                                            
                                           ====================================                                           
                                                                                                                          
                   Wave Function Model             : Spin-Restricted Kohn-Sham                                            
                   Initial Guess Model             : Superposition of Atomic Densities                                    
                   Convergence Accelerator         : Two Level Direct Inversion of Iterative Subspace                     
                   Max. Number of Iterations       : 50                                                                   
                   Max. Number of Error Vectors    : 10                                                                   
                   Convergence Threshold           : 1.0e-06                                                              
                   ERI Screening Threshold         : 1.0e-12                                                              
                   Linear Dependence Threshold     : 1.0e-06                                                              
                   Exchange-Correlation Functional : B3LYP                                                                
                   Molecular Grid Level            : 4                                                                    
                                                                                                                          
* Info * Nuclear repulsion energy: 9.1282837280 a.u.                                                                      
                                                                                                                          
* Info * Using the B3LYP functional.                                                                                      
                                                                                                                          
         P. J. Stephens, F. J. Devlin, C. F. Chabalowski, and M. J. Frisch.,  J. Phys. Chem. 98, 11623 (1994)
                                                                                                                          
* Info * Using the Libxc library (v7.0.0).                                                                                
                                                                                                                          
         S. Lehtola, C. Steigemann, M. J.T. Oliveira, and M. A.L. Marques.,  SoftwareX 7, 1–5 (2018)
                                                                                                                          
* Info * Using the following algorithm for XC numerical integration.                                                      
                                                                                                                          
         J. Kussmann, H. Laqua and C. Ochsenfeld, J. Chem. Theory Comput. 2021, 17, 1512-1521
                                                                                                                          
* Info * Molecular grid with 40768 points generated in 0.02 sec.                                                          
                                                                                                                          
* Info * Overlap matrix computed in 0.00 sec.                                                                             
                                                                                                                          
* Info * Kinetic energy matrix computed in 0.00 sec.                                                                      
                                                                                                                          
* Info * Nuclear potential matrix computed in 0.00 sec.                                                                   
                                                                                                                          
* Info * Orthogonalization matrix computed in 0.00 sec.                                                                   
                                                                                                                          
* Info * Starting Reduced Basis SCF calculation...                                                                        
* Info * ...done. SCF energy in reduced basis set: -75.995388837285 a.u. Time: 0.08 sec.                                  
                                                                                                                          
* Info * Overlap matrix computed in 0.00 sec.                                                                             
                                                                                                                          
* Info * Kinetic energy matrix computed in 0.00 sec.                                                                      
                                                                                                                          
* Info * Nuclear potential matrix computed in 0.00 sec.                                                                   
                                                                                                                          
* Info * Orthogonalization matrix computed in 0.00 sec.                                                                   
                                                                                                                          
                                                                                                                          
               Iter. |    Kohn-Sham Energy | Energy Change | Gradient Norm | Max. Gradient | Density Change               
               --------------------------------------------------------------------------------------------               
                  1       -76.449761377810    0.0000000000      0.19904950      0.02644972      0.00000000                
                  2       -76.453423246586   -0.0036618688      0.03451437      0.00493258      0.05378803                
                  3       -76.453487714862   -0.0000644683      0.02137960      0.00320839      0.01117733                
                  4       -76.453532588304   -0.0000448734      0.00059576      0.00011828      0.00459210                
                  5       -76.453532627852   -0.0000000395      0.00003662      0.00000795      0.00015806                
                  6       -76.453532628038   -0.0000000002      0.00000185      0.00000022      0.00001434                
                  7       -76.453532628038   -0.0000000000      0.00000027      0.00000003      0.00000104                
                                                                                                                          
* Info * Checkpoint written to file: h2o-loprop_scf.h5                                                                    
                                                                                                                          
* Info * SCF results written to file: h2o-loprop.h5                                                                       
                                                                                                                          
               *** SCF converged in 7 iterations. Time: 0.16 sec.                                                         
                                                                                                                          
               Spin-Restricted Kohn-Sham:                                                                                 
               --------------------------                                                                                 
               Total Energy                       :      -76.4535326280 a.u.                                              
               Electronic Energy                  :      -85.5818163560 a.u.                                              
               Nuclear Repulsion Energy           :        9.1282837280 a.u.                                              
               ------------------------------------                                                                       
               Gradient Norm                      :        0.0000002706 a.u.                                              
                                                                                                                          
                                                                                                                          
               Ground State Information                                                                                   
               ------------------------                                                                                   
               Charge of Molecule            :  0.0                                                                       
               Multiplicity (2S+1)           :  1                                                                         
               Magnetic Quantum Number (M_S) :  0.0                                                                       
                                                                                                                          
                                                                                                                          
                                                 Spin Restricted Orbitals                                                 
                                                 ------------------------                                                 
                                                                                                                          
               Molecular Orbital No.   1:                                                                                 
               --------------------------                                                                                 
               Occupation: 2.000 Energy:  -19.14673 a.u.                                                                  
               (   1 O   1s  :    -1.00)                                                                                  
                                                                                                                          
               Molecular Orbital No.   2:                                                                                 
               --------------------------                                                                                 
               Occupation: 2.000 Energy:   -1.02291 a.u.                                                                  
               (   1 O   2s  :    -0.71) (   2 H   1s  :    -0.21) (   3 H   1s  :    -0.21)                              
                                                                                                                          
               Molecular Orbital No.   3:                                                                                 
               --------------------------                                                                                 
               Occupation: 2.000 Energy:   -0.53734 a.u.                                                                  
               (   1 O   1p+1:    -0.66) (   2 H   1s  :    -0.37) (   3 H   1s  :     0.37)                              
                                                                                                                          
               Molecular Orbital No.   4:                                                                                 
               --------------------------                                                                                 
               Occupation: 2.000 Energy:   -0.40491 a.u.                                                                  
               (   1 O   2s  :    -0.48) (   1 O   1p0 :     0.79) (   2 H   1s  :     0.22)                              
               (   3 H   1s  :     0.22)                                                                                  
                                                                                                                          
               Molecular Orbital No.   5:                                                                                 
               --------------------------                                                                                 
               Occupation: 2.000 Energy:   -0.32484 a.u.                                                                  
               (   1 O   1p-1:    -0.96)                                                                                  
                                                                                                                          
               Molecular Orbital No.   6:                                                                                 
               --------------------------                                                                                 
               Occupation: 0.000 Energy:    0.00096 a.u.                                                                  
               (   1 O   2s  :     0.82) (   1 O   3s  :     0.23) (   1 O   1p0 :     0.38)                              
               (   2 H   1s  :    -0.68) (   2 H   2s  :    -0.40) (   3 H   1s  :    -0.68)                              
               (   3 H   2s  :    -0.40)                                                                                  
                                                                                                                          
               Molecular Orbital No.   7:                                                                                 
               --------------------------                                                                                 
               Occupation: 0.000 Energy:    0.11443 a.u.                                                                  
               (   1 O   1p+1:    -1.06) (   1 O   2p+1:    -0.49) (   2 H   1s  :     1.79)                              
               (   2 H   2s  :     1.08) (   3 H   1s  :    -1.79) (   3 H   2s  :    -1.08)                              
                                                                                                                          
               Molecular Orbital No.   8:                                                                                 
               --------------------------                                                                                 
               Occupation: 0.000 Energy:    0.31225 a.u.                                                                  
               (   1 O   2s  :    -0.69) (   1 O   3s  :    -0.34) (   1 O   2p0 :    -1.04)                              
               (   2 H   1s  :     0.37) (   2 H   2s  :     0.23) (   2 H   1p+1:    -0.21)                              
               (   3 H   1s  :     0.37) (   3 H   2s  :     0.23) (   3 H   1p+1:     0.21)                              
                                                                                                                          
               Molecular Orbital No.   9:                                                                                 
               --------------------------                                                                                 
               Occupation: 0.000 Energy:    0.37278 a.u.                                                                  
               (   1 O   2p-1:    -1.02)                                                                                  
                                                                                                                          
               Molecular Orbital No.  10:                                                                                 
               --------------------------                                                                                 
               Occupation: 0.000 Energy:    0.38881 a.u.                                                                  
               (   1 O   1p+1:     1.12) (   1 O   2p+1:     1.50) (   2 H   1s  :    -1.56)                              
               (   2 H   2s  :    -0.39) (   3 H   1s  :     1.56) (   3 H   2s  :     0.39)                              
                                                                                                                          
                                                                                                                          
                                                Ground State Dipole Moment                                                
                                               ----------------------------                                               
                                                                                                                          
                                   X   :         0.000000 a.u.         0.000000 Debye                                     
                                   Y   :         0.000000 a.u.         0.000000 Debye                                     
                                   Z   :         0.780784 a.u.         1.984556 Debye                                     
                                 Total :         0.780784 a.u.         1.984556 Debye                                     
                                                                                                                          
                                                                                                                          
                                               Linear Response Solver Setup                                               
                                              ==============================                                              
                                                                                                                          
                               Number of Frequencies           : 1                                                        
                               Max. Number of Iterations       : 150                                                      
                               Convergence Threshold           : 1.0e-04                                                  
                               ERI Screening Threshold         : 1.0e-12                                                  
                               Exchange-Correlation Functional : B3LYP                                                    
                               Molecular Grid Level            : 4                                                        
                                                                                                                          
* Info * Using the B3LYP functional.                                                                                      
                                                                                                                          
         P. J. Stephens, F. J. Devlin, C. F. Chabalowski, and M. J. Frisch.,  J. Phys. Chem. 98, 11623 (1994)
                                                                                                                          
* Info * Using the Libxc library (v7.0.0).                                                                                
                                                                                                                          
         S. Lehtola, C. Steigemann, M. J.T. Oliveira, and M. A.L. Marques.,  SoftwareX 7, 1–5 (2018)
                                                                                                                          
* Info * Using the following algorithm for XC numerical integration.                                                      
                                                                                                                          
         J. Kussmann, H. Laqua and C. Ochsenfeld, J. Chem. Theory Comput. 2021, 17, 1512-1521
                                                                                                                          
* Info * 0 gerade trial vectors in reduced space                                                                          
* Info * 3 ungerade trial vectors in reduced space                                                                        
                                                                                                                          
               *** Iteration:   1 * Residuals (Max,Min): 9.05e-01 and 3.77e-01                                            
                                                                                                                          
* Info * 0 gerade trial vectors in reduced space                                                                          
* Info * 6 ungerade trial vectors in reduced space                                                                        
                                                                                                                          
               *** Iteration:   2 * Residuals (Max,Min): 1.97e-01 and 5.07e-02                                            
                                                                                                                          
* Info * 0 gerade trial vectors in reduced space                                                                          
* Info * 9 ungerade trial vectors in reduced space                                                                        
                                                                                                                          
               *** Iteration:   3 * Residuals (Max,Min): 3.17e-02 and 2.44e-03                                            
                                                                                                                          
* Info * 0 gerade trial vectors in reduced space                                                                          
* Info * 12 ungerade trial vectors in reduced space                                                                       
                                                                                                                          
               *** Iteration:   4 * Residuals (Max,Min): 1.98e-03 and 1.78e-04                                            
                                                                                                                          
* Info * 0 gerade trial vectors in reduced space                                                                          
* Info * 15 ungerade trial vectors in reduced space                                                                       
                                                                                                                          
               *** Iteration:   5 * Residuals (Max,Min): 1.09e-04 and 4.44e-06                                            
                                                                                                                          
* Info * 0 gerade trial vectors in reduced space                                                                          
* Info * 16 ungerade trial vectors in reduced space                                                                       
                                                                                                                          
               *** Iteration:   6 * Residuals (Max,Min): 8.57e-06 and 4.44e-06                                            
                                                                                                                          
* Info * Checkpoint written to file: h2o-loprop_rsp.h5                                                                    
                                                                                                                          
* Info * Time spent in writing checkpoint file: 0.01 sec                                                                  
                                                                                                                          
               *** Linear response converged in 6 iterations. Time: 0.35 sec                                              
                                                                                                                          
                                                                                                                          
* Info * Response solution vectors written to file: h2o-loprop.h5                                                         
                                                                                                                          
                                                                                                                          
                                                Local Properties (LoProp)                                                 
                                               ===========================                                                
                                                                                                                          
         Reference: L. Gagliardi, R. Lindh, G. Karlström, J. Chem. Phys. 2004, 121, 4494-4500.
                                                                                                                          
                                                Molecular Polarizabilities                                                
                                                --------------------------                                                
                                                 alpha_xx :       7.7645                                                  
                                                 alpha_yy :       5.9279                                                  
                                                 alpha_zz :       7.2860                                                  
                                                                                                                          
                                              Atomic Partial Charges (a.u.)                                               
                                              -----------------------------                                               
                                                  O    :         -0.6791                                                  
                                                  H    :          0.3396                                                  
                                                  H    :          0.3396                                                  
                                                                                                                          
                                              Atomic Polarizabilities (a.u.)                                              
                                              ------------------------------                                              
                                      xx         xy         xz         yy         yz         zz                           
                         O    :     4.0255    -0.0000     0.0000     3.1646     0.0000     3.9143                         
                         H    :     1.8695    -0.0000     1.1639     1.3817     0.0000     1.6858                         
                         H    :     1.8695    -0.0000    -1.1639     1.3817    -0.0000     1.6858                         
                                                                                                                          
!========================================================================================================================!
!                               VeloxChem execution completed at Mon Jun 15 12:29:01 2026.                               !
!========================================================================================================================!
!                                           Total execution time is 0.65 sec.                                            !
!========================================================================================================================!
!                     Rinkevicius, Z.; Li, X.; Vahtras, O.; Ahmadzadeh, K.; Brand, M.; Ringholm, M.;                     !
!                              List, N. H.; Scheurer, M.; Scott, M.; Dreuw, A.; Norman, P.                               !
!                     VeloxChem: A Python-driven Density-functional Theory Program for Spectroscopy                      !
!                                Simulations in High-performance Computing Environments.                                 !
!                                       WIREs Comput Mol Sci 2020, 10 (5), e1457.                                        !
!========================================================================================================================!

