                                                                                                                          
                                            Self Consistent Field Driver Setup                                            
                                           ====================================                                           
                                                                                                                          
                   Wave Function Model             : Spin-Restricted Kohn-Sham                                            
                   Initial Guess Model             : Superposition of Atomic Densities                                    
                   Convergence Accelerator         : Two Level Direct Inversion of Iterative Subspace                     
                   Max. Number of Iterations       : 50                                                                   
                   Max. Number of Error Vectors    : 10                                                                   
                   Convergence Threshold           : 1.0e-06                                                              
                   ERI Screening Threshold         : 1.0e-12                                                              
                   Linear Dependence Threshold     : 1.0e-06                                                              
                   Exchange-Correlation Functional : B3LYP                                                                
                   Molecular Grid Level            : 4                                                                    
                                                                                                                          
* Info * Using the B3LYP functional.                                                                                      
                                                                                                                          
         P. J. Stephens, F. J. Devlin, C. F. Chabalowski, and M. J. Frisch.,  J. Phys. Chem. 98, 11623 (1994)
                                                                                                                          
* Info * Using the Libxc library (v7.0.0).                                                                                
                                                                                                                          
         S. Lehtola, C. Steigemann, M. J.T. Oliveira, and M. A.L. Marques.,  SoftwareX 7, 1–5 (2018)
                                                                                                                          
* Info * Using the following algorithm for XC numerical integration.                                                      
                                                                                                                          
         J. Kussmann, H. Laqua and C. Ochsenfeld, J. Chem. Theory Comput. 2021, 17, 1512-1521
                                                                                                                          
* Info * Starting Reduced Basis SCF calculation...                                                                        
* Info * ...done. SCF energy in reduced basis set: -150.576224271426 a.u. Time: 0.03 sec.                                 
                                                                                                                          
                                                                                                                          
               Iter. |    Kohn-Sham Energy | Energy Change | Gradient Norm | Max. Gradient | Density Change               
               --------------------------------------------------------------------------------------------               
                  1      -151.430268058325    0.0000000000      0.26871037      0.02049092      0.00000000                
                  2      -151.435599682847   -0.0053316245      0.10508121      0.00778422      0.10799011                
                  3      -151.436292848512   -0.0006931657      0.05664861      0.00334393      0.04237101                
                  4      -151.436603982554   -0.0003111340      0.00234972      0.00016518      0.01609142                
                  5      -151.436604497515   -0.0000005150      0.00030993      0.00002041      0.00081618                
                  6      -151.436604506705   -0.0000000092      0.00002725      0.00000229      0.00014360                
                  7      -151.436604506808   -0.0000000001      0.00000803      0.00000048      0.00001944                
                  8      -151.436604506815   -0.0000000000      0.00000080      0.00000005      0.00000270                
                                                                                                                          
* Info * Checkpoint written to file: h2o2-qrf_scf.h5                                                                      
                                                                                                                          
* Info * SCF results written to file: h2o2-qrf.h5                                                                         
                                                                                                                          
               *** SCF converged in 8 iterations. Time: 0.24 sec.                                                         
                                                                                                                          
               Spin-Restricted Kohn-Sham:                                                                                 
               --------------------------                                                                                 
               Total Energy                       :     -151.4366045068 a.u.                                              
               Electronic Energy                  :     -190.5210531676 a.u.                                              
               Nuclear Repulsion Energy           :       39.0844486607 a.u.                                              
               ------------------------------------                                                                       
               Gradient Norm                      :        0.0000008049 a.u.                                              
                                                                                                                          
                                                                                                                          
               Ground State Information                                                                                   
               ------------------------                                                                                   
               Charge of Molecule            :  0.0                                                                       
               Multiplicity (2S+1)           :  1                                                                         
               Magnetic Quantum Number (M_S) :  0.0                                                                       
                                                                                                                          
                                                                                                                          
                                             Quadratic Response Driver Setup                                              
                                            =================================                                             
                                                                                                                          
                               ERI Screening Threshold         : 1.0e-12                                                  
                               Convergance Threshold           : 1.0e-04                                                  
                               Max. Number of Iterations       : 150                                                      
                               Damping Parameter               : 4.556000e-03                                             
                               Exchange-Correlation Functional : B3LYP                                                    
                               Molecular Grid Level            : 4                                                        
                                                                                                                          
                                                                                                                          
                                              Complex Response Solver Setup                                               
                                             ===============================                                              
                                                                                                                          
                               Number of Frequencies           : 1                                                        
                               Max. Number of Iterations       : 150                                                      
                               Convergence Threshold           : 1.0e-04                                                  
                               ERI Screening Threshold         : 1.0e-12                                                  
                               Exchange-Correlation Functional : B3LYP                                                    
                               Molecular Grid Level            : 4                                                        
                                                                                                                          
* Info * Using the B3LYP functional.                                                                                      
                                                                                                                          
         P. J. Stephens, F. J. Devlin, C. F. Chabalowski, and M. J. Frisch.,  J. Phys. Chem. 98, 11623 (1994)
                                                                                                                          
* Info * Using the Libxc library (v7.0.0).                                                                                
                                                                                                                          
         S. Lehtola, C. Steigemann, M. J.T. Oliveira, and M. A.L. Marques.,  SoftwareX 7, 1–5 (2018)
                                                                                                                          
* Info * Using the following algorithm for XC numerical integration.                                                      
                                                                                                                          
         J. Kussmann, H. Laqua and C. Ochsenfeld, J. Chem. Theory Comput. 2021, 17, 1512-1521
                                                                                                                          
* Info * 10 gerade trial vectors in reduced space                                                                         
* Info * 10 ungerade trial vectors in reduced space                                                                       
                                                                                                                          
               *** Iteration:   1 * Residuals (Max,Min): 6.01e-01 and 6.46e-02                                            
                                                                                                                          
* Info * 21 gerade trial vectors in reduced space                                                                         
* Info * 21 ungerade trial vectors in reduced space                                                                       
                                                                                                                          
               *** Iteration:   2 * Residuals (Max,Min): 8.86e-02 and 5.71e-03                                            
                                                                                                                          
* Info * 31 gerade trial vectors in reduced space                                                                         
* Info * 31 ungerade trial vectors in reduced space                                                                       
                                                                                                                          
               *** Iteration:   3 * Residuals (Max,Min): 1.24e-02 and 3.78e-04                                            
                                                                                                                          
* Info * 41 gerade trial vectors in reduced space                                                                         
* Info * 40 ungerade trial vectors in reduced space                                                                       
                                                                                                                          
               *** Iteration:   4 * Residuals (Max,Min): 1.27e-03 and 1.85e-05                                            
                                                                                                                          
* Info * 48 gerade trial vectors in reduced space                                                                         
* Info * 47 ungerade trial vectors in reduced space                                                                       
                                                                                                                          
               *** Iteration:   5 * Residuals (Max,Min): 1.81e-04 and 1.38e-05                                            
                                                                                                                          
* Info * 50 gerade trial vectors in reduced space                                                                         
* Info * 49 ungerade trial vectors in reduced space                                                                       
                                                                                                                          
               *** Iteration:   6 * Residuals (Max,Min): 5.86e-05 and 1.38e-05                                            
                                                                                                                          
* Info * Checkpoint written to file: h2o2-qrf_rsp_qrf.h5                                                                  
                                                                                                                          
* Info * Time spent in writing checkpoint file: 0.02 sec                                                                  
                                                                                                                          
               *** Complex response converged in 6 iterations. Time: 1.01 sec                                             
                                                                                                                          
                                                                                                                          
                                                 Fock Matrix Computation                                                  
                                                =========================                                                 
                                                                                                                          
* Info * Processing 4 Fock builds...                                                                                      
                                                                                                                          
* Info * Time spent in Fock matrices: 0.10 sec                                                                            
                                                                                                                          
* Info * Checkpoint written to file: h2o2-qrf_rsp_qrf_fock.h5                                                             
                                                                                                                          
* Info * Time spent in writing checkpoint file: 0.00 sec                                                                  
                                                                                                                          
                                                                                                                          
                                Quadratic response function: << z;x,x >>  (0.0656,0.0656)                                 
                               ===========================================================                                
                                                                                                                          
                                                             Real             Imaginary                                   
                                   ----------------------------------------------------                                   
                                   QRF                -0.07610621           0.89411270j                                   
                                                                                                                          
                                                                                                                          
                                Quadratic response function: << z;x,x >>  (0.1312,0.1312)                                 
                               ===========================================================                                
                                                                                                                          
                                                             Real             Imaginary                                   
                                   ----------------------------------------------------                                   
                                   QRF                -3.88748957         -18.88312397j                                   
                                                                                                                          
                              *** Time spent in quadratic response calculation: 1.16 sec ***                              
                                                                                                                          

