!========================================================================================================================!
!                                                                                                                        !
!                                                       VELOXCHEM                                                        !
!                                              AN ELECTRONIC STRUCTURE CODE                                              !
!                                                                                                                        !
!                                        Copyright 2018-2025 VeloxChem developers                                        !
!========================================================================================================================!
!                      VeloxChem execution started on 8 MPI processes at Fri Jun 12 17:25:10 2026.                       !
!========================================================================================================================!
                                                                                                                          
* Info * Using 16 OpenMP threads per MPI process.                                                                         
                                                                                                                          
* Info * Reading input file hs276_pe.inp...                                                                               
                                                                                                                          
* Info * @jobs                                                                                                            
* Info * task: scf                                                                                                        
* Info * @end                                                                                                             
                                                                                                                          
* Info * @method_settings                                                                                                 
* Info * basis: aug-cc-pvdz                                                                                               
* Info * potfile: solvent_pe.pot                                                                                          
* Info * @end                                                                                                             
                                                                                                                          
                                              Molecular Geometry (Angstroms)                                              
                                             ================================                                             
                                                                                                                          
                          Atom         Coordinate X          Coordinate Y          Coordinate Z                           
                                                                                                                          
                           C           4.339956021500        0.030542894600        0.082814478600                         
                           C           4.409557653800        1.368361015800       -0.323519259500                         
                           H           3.513402764300        1.993760190300       -0.392403299300                         
                           N           5.572339554300        1.919743373700       -0.648874392400                         
                           C           6.693527930900        1.175779413300       -0.586432916800                         
                           H           7.622406821500        1.687595105200       -0.861642583900                         
                           C           6.727691010800       -0.163591845200       -0.210784558100                         
                           H           7.669503230000       -0.716226613700       -0.192442857300                         
                           C           5.509753707500       -0.772074716200        0.133629353700                         
                           C           5.100982469800       -2.087824065700        0.540643560400                         
                           H           5.737299856800       -2.957065483800        0.689287362800                         
                           C           3.743880116900       -2.044376359800        0.722649761000                         
                           H           3.054306225100       -2.821426570600        1.046261903400                         
                           N           3.260950845100       -0.768336055400        0.454983548300                         
                           C           1.926007537600       -0.374984551000        0.528317658800                         
                           S           0.678299339100       -1.388971657600       -0.154261377800                         
                           C           1.406115373000        0.782477001700        1.060162572800                         
                           H           2.018114321500        1.541616061300        1.545470354600                         
                           C          -0.006885119400        0.847746565200        0.939868012600                         
                           H          -0.605931397700        1.674121442100        1.324524116200                         
                           C          -0.566747846700       -0.258021139800        0.329442961800                         
                           C          -1.960433749300       -0.553335963800        0.079212364800                         
                           C          -2.527728514800       -1.753558731500       -0.327027774800                         
                           H          -1.941688198300       -2.656554300300       -0.503160431400                         
                           C          -3.932110426000       -1.683175328300       -0.468422385300                         
                           H          -4.576687763700       -2.508185843900       -0.771704273500                         
                           S          -3.178744284100        0.676407875500        0.276409937800                         
                           C          -4.439051163300       -0.434756502400       -0.173176694400                         
                           C          -5.855681064100       -0.049904861400       -0.224072198100                         
                           O          -6.757453030300       -0.792779963700       -0.536340582900                         
                           O          -6.032843702200        1.242038298800        0.121423302400                         
                           C          -7.376279586500        1.718278319700        0.102153914900                         
                           H          -8.004463386000        1.145050137400        0.800943857400                         
                           H          -7.332151587600        2.771427076000        0.405372317000                         
                           H          -7.808567884500        1.628478144200       -0.906097381100                         
                                                                                                                          
                          Molecular charge            : 0                                                                 
                          Spin multiplicity           : 1                                                                 
                          Number of atoms             : 35                                                                
                          Number of alpha electrons   : 88                                                                
                          Number of beta  electrons   : 88                                                                
                                                                                                                          
* Info * Reading basis set from file: /cfs/klemming/projects/supr/panor/lxin/gitlab/VeloxChemMP.test/vlxenv/lib/python3.11/site-packages/veloxchem/basis/AUG-CC-PVDZ
                                                                                                                          
                                              Molecular Basis (Atomic Basis)                                              
                                             ================================                                             
                                                                                                                          
                               Basis: AUG-CC-PVDZ                                                                         
                                                                                                                          
                               Atom Contracted GTOs           Primitive GTOs                                              
                                                                                                                          
                               C     (4S,3P,2D)                (18S,5P,2D)                                                
                               H     (3S,2P)                   (5S,2P)                                                    
                               N     (4S,3P,2D)                (18S,5P,2D)                                                
                               S     (5S,4P,2D)                (35S,16P,2D)                                               
                               O     (4S,3P,2D)                (18S,5P,2D)                                                
                                                                                                                          
                               Contracted Basis Functions : 645                                                           
                               Primitive Basis Functions  : 1221                                                          
                                                                                                                          
                                                                                                                          
                                            Self Consistent Field Driver Setup                                            
                                           ====================================                                           
                                                                                                                          
                   Wave Function Model             : Spin-Restricted Hartree-Fock with PE                                 
                   Initial Guess Model             : Superposition of Atomic Densities                                    
                   Convergence Accelerator         : Two Level Direct Inversion of Iterative Subspace                     
                   Max. Number of Iterations       : 50                                                                   
                   Max. Number of Error Vectors    : 10                                                                   
                   Convergence Threshold           : 1.0e-06                                                              
                   ERI Screening Threshold         : 1.0e-12                                                              
                   Linear Dependence Threshold     : 1.0e-06                                                              
                                                                                                                          
* Info * Nuclear repulsion energy: 1962.0450116779 a.u.                                                                   
                                                                                                                          
* Info * Reading polarizable embedding: solvent_pe.json                                                                   
                                                                                                                          
* Info * Embedding settings:                                                                                              
* Info * - embedding_method : PE                                                                                          
* Info * - induced_dipoles                                                                                                
* Info *   - solver          : jidiis                                                                                     
* Info *   - threshold       : 1e-08                                                                                      
* Info *   - max_iterations  : 100                                                                                        
* Info *   - mic             : False                                                                                      
                                                                                                                          
* Info * Overlap matrix computed in 0.04 sec.                                                                             
                                                                                                                          
* Info * Kinetic energy matrix computed in 0.22 sec.                                                                      
                                                                                                                          
* Info * Nuclear potential matrix computed in 0.02 sec.                                                                   
                                                                                                                          
* Info * Orthogonalization matrix computed in 0.04 sec.                                                                   
                                                                                                                          
* Info * Starting Reduced Basis SCF calculation...                                                                        
* Info * ...done. SCF energy in reduced basis set: -1704.012535041960 a.u. Time: 14.94 sec.                               
                                                                                                                          
* Info * Overlap matrix computed in 0.02 sec.                                                                             
                                                                                                                          
* Info * Kinetic energy matrix computed in 0.04 sec.                                                                      
                                                                                                                          
* Info * Nuclear potential matrix computed in 0.05 sec.                                                                   
                                                                                                                          
* Info * Orthogonalization matrix computed in 0.04 sec.                                                                   
                                                                                                                          
                                                                                                                          
               Iter. | Hartree-Fock Energy | Energy Change | Gradient Norm | Max. Gradient | Density Change               
               --------------------------------------------------------------------------------------------               
                  1     -1704.529117638706    0.0000000000      0.36837544      0.00458782      0.00000000                
                  2     -1704.545916185727   -0.0167985470      0.14172472      0.00270945      8.34021768                
                  3     -1704.548322429219   -0.0024062435      0.03857430      0.00053393      1.02741145                
                  4     -1704.548560454128   -0.0002380249      0.01521184      0.00025120      0.20215124                
                  5     -1704.548618174297   -0.0000577202      0.00589936      0.00009787      0.08490052                
                  6     -1704.548634623329   -0.0000164490      0.00348192      0.00005364      0.03868469                
                  7     -1704.548642718190   -0.0000080949      0.00178295      0.00003529      0.02746290                
                  8     -1704.548645916140   -0.0000031979      0.00086048      0.00001285      0.02011472                
                  9     -1704.548646387000   -0.0000004709      0.00031661      0.00000542      0.00825699                
                 10     -1704.548646453898   -0.0000000669      0.00013205      0.00000210      0.00375899                
                 11     -1704.548646461241   -0.0000000073      0.00005091      0.00000071      0.00113687                
                 12     -1704.548646462652   -0.0000000014      0.00002148      0.00000039      0.00050110                
                 13     -1704.548646462929   -0.0000000003      0.00000962      0.00000021      0.00019464                
                 14     -1704.548646463086   -0.0000000002      0.00000440      0.00000010      0.00008305                
                 15     -1704.548646463050    0.0000000000      0.00000189      0.00000004      0.00003675                
                 16     -1704.548646463043    0.0000000000      0.00000094      0.00000003      0.00001170                
                                                                                                                          
* Info * Checkpoint written to file: hs276_pe_scf.h5                                                                      
                                                                                                                          
* Info * SCF results written to file: hs276_pe.h5                                                                         
                                                                                                                          
               *** SCF converged in 16 iterations. Time: 162.57 sec.                                                      
                                                                                                                          
               Spin-Restricted Hartree-Fock with PE:                                                                      
               -------------------------------------                                                                      
               Total Energy                       :    -1704.5486464630 a.u.                                              
               Electronic Energy                  :    -3666.5936581409 a.u.                                              
               Nuclear Repulsion Energy           :     1962.0450116779 a.u.                                              
               ------------------------------------                                                                       
               Gradient Norm                      :        0.0000009448 a.u.                                              
                                                                                                                          
                                                                                                                          
               Polarizable Embedding (PE) Energy Contributions                                                            
               ------------------------------------                                                                       
               Electrostatic Contribution         :       -0.0191371865 a.u.                                              
               Induced Contribution               :       -0.0397685023 a.u.                                              
               ------------------------------------                                                                       
                                                                                                                          
               Ground State Information                                                                                   
               ------------------------                                                                                   
               Charge of Molecule            :  0.0                                                                       
               Multiplicity (2S+1)           :  1                                                                         
               Magnetic Quantum Number (M_S) :  0.0                                                                       
                                                                                                                          
                                                                                                                          
                                                 Spin Restricted Orbitals                                                 
                                                 ------------------------                                                 
                                                                                                                          
               Molecular Orbital No.  84:                                                                                 
               --------------------------                                                                                 
               Occupation: 2.000 Energy:   -0.35702 a.u.                                                                  
               (   1 C   4s  :     0.32) (   1 C   3p+1:    -0.26) (  14 N   3p-1:    -0.15)                              
               (  15 C   4s  :    -0.26) (  15 C   3p+1:     0.19) (  15 C   3p-1:     0.15)                              
               (  15 C   3p0 :     0.16) (  16 S   2p0 :    -0.26) (  16 S   3p0 :    -0.25)                              
               (  16 S   4p+1:     0.22) (  17 C   4s  :     0.60) (  17 C   3p+1:    -0.38)                              
               (  19 C   4s  :    -0.42) (  19 C   1p0 :     0.15) (  19 C   3p+1:    -0.33)                              
               (  21 C   3p+1:     0.17) (  21 C   3p-1:    -0.31) (  21 C   3p0 :    -0.18)                              
               (  22 C   4s  :    -0.19) (  23 C   1p0 :    -0.17) (  25 C   1p0 :    -0.20)                              
               (  27 S   2p0 :     0.29) (  27 S   3p0 :     0.30)                                                        
                                                                                                                          
               Molecular Orbital No.  85:                                                                                 
               --------------------------                                                                                 
               Occupation: 2.000 Energy:   -0.35028 a.u.                                                                  
               (   1 C   4s  :     0.29) (  14 N   4s  :    -0.16) (  16 S   2p-1:     0.15)                              
               (  16 S   2p0 :    -0.28) (  16 S   3p0 :    -0.27) (  17 C   4s  :     0.19)                              
               (  17 C   1p0 :     0.17) (  19 C   4s  :    -0.22) (  19 C   1p0 :     0.16)                              
               (  22 C   3s  :    -0.16) (  22 C   4s  :     0.21) (  22 C   3p+1:    -0.20)                              
               (  23 C   4s  :    -0.17) (  23 C   1p0 :     0.18) (  25 C   1p0 :     0.17)                              
               (  27 S   2p0 :    -0.27) (  27 S   3p0 :    -0.27)                                                        
                                                                                                                          
               Molecular Orbital No.  86:                                                                                 
               --------------------------                                                                                 
               Occupation: 2.000 Energy:   -0.29385 a.u.                                                                  
               (   1 C   1p0 :    -0.31) (   1 C   2p0 :    -0.17) (   4 N   1p0 :     0.19)                              
               (   4 N   2p0 :     0.16) (   5 C   1p0 :     0.20) (   7 C   4s  :    -0.15)                              
               (   9 C   4s  :     0.22) (   9 C   1p0 :    -0.20) (   9 C   2p0 :    -0.17)                              
               (   9 C   3p0 :    -0.15) (  12 C   1p0 :     0.24) (  15 C   3p-1:    -0.53)                              
               (  15 C   3p0 :    -0.28) (  16 S   4p+1:    -0.31) (  17 C   4s  :     0.74)                              
               (  17 C   3p-1:    -0.15) (  19 C   4s  :    -0.60) (  21 C   4s  :     0.23)                              
               (  21 C   3p-1:     0.45) (  21 C   3p0 :     0.23) (  22 C   3p-1:    -0.21)                              
                                                                                                                          
               Molecular Orbital No.  87:                                                                                 
               --------------------------                                                                                 
               Occupation: 2.000 Energy:   -0.29285 a.u.                                                                  
               (   1 C   4s  :     0.20) (   1 C   3p+1:     0.44) (   1 C   3p-1:     0.29)                              
               (   1 C   3p0 :    -0.15) (   2 C   4s  :    -0.50) (   2 C   1p0 :    -0.16)                              
               (   7 C   1p0 :     0.23) (   9 C   3p-1:    -0.21) (  10 C   1p0 :    -0.15)                              
               (  10 C   2p0 :    -0.15) (  12 C   1p0 :    -0.16) (  15 C   4s  :     0.30)                              
               (  15 C   3p+1:     0.27) (  17 C   4s  :     0.15) (  28 C   4s  :    -0.19)                              
               (  28 C   1p0 :    -0.17) (  28 C   2p0 :    -0.16) (  29 C   4s  :     0.15)                              
                                                                                                                          
               Molecular Orbital No.  88:                                                                                 
               --------------------------                                                                                 
               Occupation: 2.000 Energy:   -0.25649 a.u.                                                                  
               (   1 C   4s  :     0.70) (   1 C   2p-1:    -0.17) (   2 C   4s  :    -0.24)                              
               (   2 C   1p0 :    -0.16) (   5 C   1p0 :     0.17) (   7 C   4s  :    -0.19)                              
               (   7 C   1p0 :     0.16) (  10 C   4s  :     0.18) (  10 C   1p0 :    -0.17)                              
               (  14 N   1p0 :     0.24) (  14 N   2p0 :     0.24) (  14 N   3p+1:    -0.27)                              
               (  14 N   3p0 :     0.18) (  15 C   4s  :    -1.10) (  15 C   2p0 :    -0.15)                              
               (  15 C   3p+1:    -0.23) (  15 C   3p-1:    -0.28) (  15 C   3p0 :    -0.23)                              
               (  16 S   4p+1:    -0.16) (  17 C   3s  :    -0.17) (  17 C   4s  :     0.19)                              
               (  17 C   3p+1:     0.27) (  17 C   3p-1:    -0.20) (  19 C   4s  :    -0.15)                              
               (  19 C   3p+1:     0.31) (  19 C   3p-1:     0.16) (  21 C   4s  :     0.46)                              
               (  21 C   1p0 :     0.19) (  21 C   2p0 :     0.21) (  21 C   3p-1:     0.29)                              
               (  21 C   3p0 :     0.21) (  22 C   3p+1:    -0.17)                                                        
                                                                                                                          
               Molecular Orbital No.  89:                                                                                 
               --------------------------                                                                                 
               Occupation: 0.000 Energy:    0.00578 a.u.                                                                  
               (   1 C   4s  :     0.61) (   1 C   2p+1:    -0.30) (   1 C   3p+1:    -4.18)                              
               (   1 C   3p-1:     2.79) (   2 C   3s  :    -0.25) (   2 C   4s  :    -5.68)                              
               (   2 C   3p-1:     1.99) (   2 C   3p0 :    -0.81) (   3 H   2s  :     0.29)                              
               (   3 H   3s  :    -1.57) (   4 N   4s  :     1.52) (   4 N   3p-1:    -0.60)                              
               (   4 N   3p0 :     0.22) (   5 C   4s  :    -3.32) (   5 C   2p-1:    -0.20)                              
               (   5 C   3p+1:     0.64) (   5 C   3p-1:     0.77) (   5 C   3p0 :    -0.31)                              
               (   6 H   2s  :     0.29) (   6 H   3s  :    -0.62) (   7 C   4s  :    -3.50)                              
               (   7 C   2p+1:    -0.18) (   7 C   2p-1:    -0.21) (   7 C   3p+1:     0.82)                              
               (   7 C   3p-1:     0.67) (   7 C   3p0 :    -0.30) (   8 H   2s  :     0.26)                              
               (   8 H   3s  :    -0.22) (   9 C   4s  :     5.47) (   9 C   2p+1:    -0.33)                              
               (   9 C   3p+1:     2.16) (   9 C   3p-1:     6.10) (   9 C   3p0 :    -2.06)                              
               (  10 C   3s  :    -0.22) (  10 C   4s  :    -3.33) (  10 C   2p-1:     0.18)                              
               (  10 C   3p+1:     3.52) (  10 C   3p-1:     0.24) (  10 C   3p0 :    -0.46)                              
               (  11 H   3s  :    -0.95) (  12 C   3s  :     0.15) (  12 C   4s  :    13.33)                              
               (  12 C   3p+1:     4.69) (  12 C   3p-1:     4.20) (  12 C   3p0 :    -1.98)                              
               (  12 C   2d-2:    -0.21) (  13 H   2s  :     0.16) (  13 H   3s  :     6.76)                              
               (  14 N   3p+1:    -2.03) (  14 N   3p-1:     2.01) (  14 N   3p0 :     0.26)                              
               (  15 C   4s  :   -12.57) (  15 C   2p+1:    -0.19) (  15 C   2p-1:     0.29)                              
               (  15 C   2p0 :     0.15) (  15 C   3p+1:    -5.76) (  15 C   3p-1:    -4.87)                              
               (  15 C   3p0 :    -2.07) (  15 C   2d+2:    -0.15) (  16 S   5s  :     3.55)                              
               (  16 S   3p-1:     0.20) (  16 S   4p+1:    -2.71) (  16 S   4p-1:     1.37)                              
               (  16 S   4p0 :     0.33) (  17 C   3s  :    -0.37) (  17 C   4s  :     6.57)                              
               (  17 C   3p+1:     3.37) (  17 C   3p-1:    -2.64) (  17 C   3p0 :    -1.42)                              
               (  17 C   2d-2:     0.19) (  18 H   2s  :    -0.47) (  18 H   3s  :     0.56)                              
               (  19 C   3s  :    -0.30) (  19 C   4s  :    -7.05) (  19 C   2p+1:     0.24)                              
               (  19 C   3p+1:     3.19) (  19 C   3p-1:     1.98) (  19 C   3p0 :     1.47)                              
               (  20 H   2s  :     0.66) (  21 C   3s  :    -0.17) (  21 C   4s  :     2.30)                              
               (  21 C   2p+1:     0.32) (  21 C   3p+1:    -4.90) (  21 C   3p-1:     7.76)                              
               (  21 C   3p0 :     3.07) (  21 C   2d+2:    -0.17) (  22 C   3s  :     0.72)                              
               (  22 C   4s  :    -5.06) (  22 C   3p+1:     0.59) (  22 C   3p-1:    -3.44)                              
               (  22 C   3p0 :    -1.46) (  22 C   2d-2:     0.34) (  23 C   4s  :    -0.62)                              
               (  23 C   2p+1:    -0.56) (  23 C   3p+1:    -0.69) (  23 C   3p-1:     3.78)                              
               (  23 C   3p0 :     1.32) (  23 C   2d+2:     0.42) (  23 C   2d-1:    -0.17)                              
               (  24 H   2s  :     0.86) (  24 H   3s  :     3.68) (  24 H   2p+1:    -0.20)                              
               (  25 C   3s  :    -0.51) (  25 C   4s  :     1.20) (  25 C   2p+1:    -0.71)                              
               (  25 C   2p-1:     0.30) (  25 C   3p+1:     1.49) (  25 C   3p-1:    -1.56)                              
               (  25 C   3p0 :    -0.40) (  25 C   2d+2:    -0.20) (  26 H   3s  :    -0.73)                              
               (  27 S   4s  :     0.16) (  27 S   5s  :     2.52) (  27 S   3p+1:     0.34)                              
               (  27 S   4p-1:    -0.33) (  28 C   3s  :    -0.47) (  28 C   4s  :     6.28)                              
               (  28 C   2p-1:     0.34) (  28 C   3p+1:    -6.57) (  28 C   3p-1:     2.39)                              
               (  29 C   3s  :    -0.19) (  29 C   4s  :   -10.90) (  29 C   3p+1:    -1.53)                              
               (  29 C   3p-1:    -0.27) (  29 C   3p0 :    -0.22) (  30 O   4s  :     0.85)                              
               (  30 O   3p+1:     0.20) (  30 O   3p-1:     0.17) (  31 O   4s  :     0.98)                              
               (  31 O   3p+1:    -0.68) (  33 H   3s  :    -0.15) (  34 H   2s  :    -0.25)                              
               (  35 H   2s  :    -0.20) (  35 H   3s  :    -0.23)                                                        
                                                                                                                          
               Molecular Orbital No.  90:                                                                                 
               --------------------------                                                                                 
               Occupation: 0.000 Energy:    0.03822 a.u.                                                                  
               (   1 C   4s  :     3.04) (   1 C   2p-1:     0.37) (   1 C   3p+1:    -9.97)                              
               (   1 C   3p-1:    -3.31) (   1 C   3p0 :     2.88) (   1 C   2d-2:     0.29)                              
               (   2 C   3s  :    -0.21) (   2 C   4s  :     2.98) (   2 C   2p+1:    -0.18)                              
               (   2 C   2p-1:     0.19) (   2 C   3p+1:     1.73) (   2 C   3p-1:     0.28)                              
               (   2 C   3p0 :    -0.49) (   3 H   2s  :    -0.15) (   4 N   3p+1:     0.27)                              
               (   4 N   3p-1:    -0.24) (   5 C   3s  :    -0.16) (   5 C   4s  :     0.56)                              
               (   5 C   3p+1:     0.35) (   5 C   3p-1:    -0.40) (   7 C   3s  :    -0.44)                              
               (   7 C   4s  :    -6.01) (   7 C   2p+1:     0.21) (   7 C   3p+1:     0.40)                              
               (   7 C   3p-1:    -0.75) (   7 C   3p0 :     0.27) (   8 H   2s  :     0.24)                              
               (   8 H   3s  :    -0.59) (   9 C   3s  :     0.26) (   9 C   4s  :     3.17)                              
               (   9 C   2p+1:    -0.23) (   9 C   2p-1:     0.68) (   9 C   2p0 :    -0.17)                              
               (   9 C   3p+1:     3.70) (   9 C   3p-1:     7.38) (   9 C   3p0 :    -2.96)                              
               (   9 C   2d+2:     0.23) (  10 C   4s  :     8.23) (  10 C   2p+1:     0.62)                              
               (  10 C   2p-1:     0.19) (  10 C   3p+1:    -0.30) (  10 C   3p-1:     1.37)                              
               (  10 C   3p0 :    -0.19) (  10 C   2d-2:     0.20) (  11 H   2s  :    -0.17)                              
               (  11 H   3s  :     1.66) (  12 C   3s  :     0.38) (  12 C   4s  :     0.48)                              
               (  12 C   2p+1:     0.38) (  12 C   3p+1:    -0.22) (  12 C   3p-1:     2.31)                              
               (  12 C   3p0 :    -0.58) (  13 H   3s  :     3.74) (  14 N   4s  :    -0.32)                              
               (  14 N   3p+1:    -3.09) (  14 N   3p-1:    -0.37) (  14 N   3p0 :     0.54)                              
               (  15 C   3s  :     0.22) (  15 C   4s  :    -7.13) (  15 C   2p-1:     0.29)                              
               (  15 C   3p+1:   -10.11) (  15 C   3p-1:     1.18) (  16 S   4s  :     0.31)                              
               (  16 S   5s  :     2.01) (  16 S   3p-1:     0.21) (  16 S   4p+1:    -1.38)                              
               (  16 S   4p-1:     0.32) (  17 C   4s  :     3.10) (  17 C   2p+1:    -0.40)                              
               (  17 C   3p+1:    -0.62) (  17 C   3p-1:     0.39) (  17 C   3p0 :     0.23)                              
               (  18 H   3s  :     0.32) (  19 C   3s  :     0.18) (  19 C   4s  :    -2.27)                              
               (  19 C   2p+1:    -0.55) (  19 C   2p-1:    -0.30) (  19 C   2p0 :    -0.16)                              
               (  19 C   3p+1:    -2.61) (  19 C   3p-1:    -0.88) (  19 C   3p0 :    -0.75)                              
               (  20 H   2s  :     0.15) (  20 H   3s  :     0.42) (  21 C   3s  :     0.42)                              
               (  21 C   2p+1:    -1.04) (  21 C   2p-1:    -0.52) (  21 C   2p0 :    -0.35)                              
               (  21 C   3p+1:    -6.16) (  21 C   3p-1:     2.15) (  21 C   3p0 :     0.23)                              
               (  21 C   2d+2:     0.25) (  21 C   2d-2:     0.21) (  22 C   3s  :     0.16)                              
               (  22 C   4s  :     3.92) (  22 C   2p+1:    -1.14) (  22 C   2p-1:    -0.82)                              
               (  22 C   2p0 :    -0.42) (  22 C   3p+1:    -6.43) (  22 C   3p-1:    -5.21)                              
               (  22 C   3p0 :    -2.72) (  22 C   2d+2:    -0.54) (  22 C   2d-1:     0.19)                              
               (  23 C   3s  :    -1.13) (  23 C   4s  :   -13.35) (  23 C   2p+1:    -0.48)                              
               (  23 C   2p-1:    -0.80) (  23 C   2p0 :    -0.25) (  23 C   3p+1:     3.09)                              
               (  23 C   3p-1:    -5.14) (  23 C   3p0 :    -0.84) (  23 C   2d-2:    -0.23)                              
               (  24 H   2s  :    -0.33) (  24 H   3s  :    -6.84) (  25 C   3s  :    -0.63)                              
               (  25 C   4s  :     2.32) (  25 C   2p-1:    -0.51) (  25 C   3p+1:     0.34)                              
               (  25 C   3p-1:    -0.62) (  26 H   2s  :    -0.35) (  26 H   3s  :    -0.63)                              
               (  27 S   5s  :     0.31) (  27 S   3p+1:    -0.19) (  27 S   3p-1:    -0.18)                              
               (  27 S   4p+1:    -1.71) (  27 S   4p0 :    -0.16) (  28 C   3s  :     0.40)                              
               (  28 C   4s  :    -3.97) (  28 C   2p+1:     0.26) (  28 C   2p-1:    -0.53)                              
               (  28 C   2p0 :    -0.17) (  28 C   3p+1:     2.75) (  28 C   3p-1:    -2.53)                              
               (  28 C   3p0 :    -0.47) (  28 C   2d+2:    -0.20) (  29 C   3s  :     0.43)                              
               (  29 C   4s  :     5.99) (  29 C   3p+1:     0.82) (  30 O   4s  :    -0.67)                              
               (  30 O   3p+1:    -0.16) (  31 O   4s  :    -0.38) (  34 H   2s  :     0.16)                              
                                                                                                                          
               Molecular Orbital No.  91:                                                                                 
               --------------------------                                                                                 
               Occupation: 0.000 Energy:    0.04234 a.u.                                                                  
               (   1 C   3s  :     0.52) (   1 C   4s  :    -3.72) (   1 C   3p+1:     3.46)                              
               (   1 C   3p-1:     0.60) (   1 C   3p0 :    -0.93) (   1 C   2d+2:    -0.35)                              
               (   1 C   2d-2:    -0.22) (   2 C   3s  :    -0.29) (   2 C   4s  :     1.28)                              
               (   2 C   2p+1:     0.24) (   2 C   2p-1:     0.25) (   2 C   3p+1:    -0.21)                              
               (   2 C   3p-1:     0.17) (   3 H   3s  :    -0.70) (   4 N   4s  :    -0.80)                              
               (   4 N   3p+1:     0.20) (   4 N   3p-1:     0.18) (   5 C   4s  :    -0.21)                              
               (   7 C   3s  :     0.69) (   7 C   4s  :     3.01) (   7 C   2p+1:    -0.31)                              
               (   7 C   2p-1:    -0.36) (   7 C   2p0 :     0.16) (   7 C   3p+1:    -0.57)                              
               (   8 H   3s  :     0.54) (   9 C   4s  :     0.22) (   9 C   2p-1:    -0.60)                              
               (   9 C   2p0 :     0.16) (   9 C   3p+1:    -2.70) (   9 C   3p-1:    -2.33)                              
               (   9 C   3p0 :     1.18) (   9 C   2d+2:    -0.65) (   9 C   2d-2:    -0.18)                              
               (  10 C   3s  :    -0.41) (  10 C   4s  :    -6.66) (  10 C   2p+1:    -0.72)                              
               (  10 C   2p-1:    -0.38) (  10 C   2p0 :     0.16) (  10 C   3p+1:     2.05)                              
               (  10 C   3p-1:    -2.12) (  10 C   3p0 :     0.17) (  10 C   2d-2:    -0.35)                              
               (  11 H   2s  :    -0.19) (  11 H   3s  :    -2.60) (  12 C   3s  :    -0.35)                              
               (  12 C   4s  :     6.12) (  12 C   2p+1:    -0.35) (  12 C   2p-1:    -0.17)                              
               (  12 C   3p+1:     0.66) (  12 C   3p-1:     0.69) (  12 C   3p0 :    -0.18)                              
               (  13 H   2s  :    -0.18) (  13 H   3s  :    -0.30) (  14 N   4s  :     0.58)                              
               (  14 N   3p+1:     0.59) (  14 N   3p-1:     1.64) (  14 N   3p0 :    -0.40)                              
               (  15 C   3s  :    -0.18) (  15 C   4s  :    -2.79) (  15 C   3p+1:     1.89)                              
               (  15 C   3p-1:    -0.95) (  15 C   3p0 :    -0.41) (  16 S   5s  :     1.99)                              
               (  16 S   4p+1:     0.39) (  16 S   4p-1:     0.68) (  16 S   4p0 :     0.73)                              
               (  17 C   4s  :    -2.27) (  17 C   3p+1:     1.84) (  17 C   3p-1:    -0.69)                              
               (  17 C   3p0 :    -0.43) (  18 H   2s  :     0.24) (  19 C   4s  :     3.99)                              
               (  19 C   2p-1:    -0.17) (  19 C   3p+1:     2.66) (  19 C   3p-1:    -1.26)                              
               (  19 C   3p0 :     0.17) (  20 H   3s  :     2.09) (  21 C   3s  :    -0.28)                              
               (  21 C   4s  :    -4.92) (  21 C   2p+1:     0.20) (  21 C   3p+1:     0.56)                              
               (  21 C   3p-1:     1.38) (  21 C   3p0 :     0.26) (  22 C   3s  :     0.39)                              
               (  22 C   4s  :     1.14) (  22 C   1p0 :    -0.19) (  22 C   2p+1:     0.28)                              
               (  22 C   3p+1:     1.22) (  22 C   3p-1:    -0.81) (  22 C   3p0 :    -0.50)                              
               (  23 C   3s  :     0.25) (  23 C   4s  :    -5.72) (  23 C   2p+1:    -0.16)                              
               (  23 C   2p-1:     0.26) (  23 C   3p+1:     2.29) (  23 C   3p-1:     0.97)                              
               (  23 C   3p0 :     0.83) (  24 H   2s  :     0.47) (  24 H   3s  :     0.52)                              
               (  25 C   4s  :     7.69) (  25 C   2p+1:    -0.44) (  25 C   3p+1:     2.90)                              
               (  25 C   3p0 :     0.63) (  25 C   2d-2:    -0.17) (  26 H   2s  :    -0.18)                              
               (  26 H   3s  :     1.18) (  27 S   5s  :     1.58) (  27 S   3p0 :     0.17)                              
               (  27 S   4p+1:     0.99) (  27 S   4p-1:    -0.42) (  27 S   4p0 :     0.55)                              
               (  28 C   3s  :    -0.17) (  28 C   4s  :    -3.30) (  28 C   2p-1:     0.26)                              
               (  28 C   3p+1:    -1.56) (  28 C   3p-1:     1.87) (  28 C   3p0 :    -0.26)                              
               (  29 C   3s  :    -0.18) (  29 C   3p+1:     1.59) (  29 C   3p-1:    -1.70)                              
               (  29 C   3p0 :    -0.18) (  31 O   4s  :     0.21) (  31 O   3p+1:    -0.24)                              
               (  32 C   4s  :     0.85) (  32 C   3p+1:     0.36) (  32 C   3p-1:    -0.49)                              
               (  33 H   3s  :     0.18) (  34 H   3s  :     0.44) (  35 H   3s  :     0.23)                              
                                                                                                                          
               Molecular Orbital No.  92:                                                                                 
               --------------------------                                                                                 
               Occupation: 0.000 Energy:    0.04960 a.u.                                                                  
               (   1 C   3s  :    -0.63) (   1 C   4s  :     7.13) (   1 C   2p+1:     0.30)                              
               (   1 C   2p-1:     0.21) (   1 C   3p-1:     2.77) (   1 C   3p0 :    -0.69)                              
               (   1 C   2d+2:     0.52) (   1 C   2d-2:     0.19) (   2 C   3s  :     0.31)                              
               (   2 C   4s  :    -6.52) (   2 C   2p+1:    -0.27) (   2 C   2p-1:    -0.38)                              
               (   2 C   3p+1:    -0.47) (   2 C   3p-1:     0.38) (   3 H   2s  :     0.30)                              
               (   3 H   3s  :     0.18) (   4 N   4s  :     1.40) (   4 N   3p+1:    -0.50)                              
               (   5 C   4s  :    -0.23) (   5 C   3p-1:     0.24) (   7 C   3s  :    -0.88)                              
               (   7 C   4s  :     3.78) (   7 C   2p+1:     0.28) (   7 C   2p-1:     0.27)                              
               (   7 C   3p+1:    -1.20) (   7 C   3p-1:     0.31) (   8 H   3s  :     1.07)                              
               (   9 C   3s  :    -0.48) (   9 C   4s  :    -6.03) (   9 C   2p-1:     0.41)                              
               (   9 C   3p+1:    -0.20) (   9 C   3p-1:    -2.55) (   9 C   3p0 :     0.79)                              
               (   9 C   2d+1:    -0.18) (   9 C   2d+2:     0.81) (   9 C   2d-1:     0.16)                              
               (   9 C   2d-2:     0.27) (  10 C   3s  :     0.45) (  10 C   4s  :    10.38)                              
               (  10 C   2p+1:     0.85) (  10 C   2p-1:     0.21) (  10 C   2p0 :    -0.18)                              
               (  10 C   3p+1:    -4.57) (  10 C   3p-1:     2.99) (  10 C   2d-2:     0.47)                              
               (  11 H   3s  :     3.80) (  12 C   3s  :     0.34) (  12 C   4s  :   -15.87)                              
               (  12 C   2p+1:     0.39) (  12 C   2p-1:     0.19) (  12 C   3p+1:    -3.39)                              
               (  12 C   3p-1:    -3.65) (  12 C   3p0 :     1.25) (  12 C   2d-2:     0.22)                              
               (  13 H   3s  :    -3.73) (  14 N   4s  :    -0.23) (  14 N   3p+1:     1.01)                              
               (  14 N   3p-1:    -3.29) (  14 N   3p0 :     0.68) (  15 C   4s  :     8.12)                              
               (  15 C   3p+1:     4.49) (  15 C   3p-1:     2.43) (  15 C   3p0 :     0.56)                              
               (  16 S   4s  :    -0.20) (  16 S   5s  :    -3.07) (  16 S   3p+1:     0.26)                              
               (  16 S   3p-1:    -0.16) (  16 S   4p+1:     0.57) (  16 S   4p-1:    -1.24)                              
               (  16 S   4p0 :    -0.43) (  17 C   3s  :    -0.29) (  17 C   4s  :     1.81)                              
               (  17 C   2p+1:     0.22) (  17 C   2p-1:     0.20) (  17 C   3p+1:    -3.80)                              
               (  17 C   3p-1:     1.19) (  17 C   3p0 :     0.71) (  18 H   2s  :    -0.33)                              
               (  18 H   3s  :    -0.23) (  19 C   3s  :    -0.53) (  19 C   4s  :    -8.02)                              
               (  19 C   2p+1:     0.55) (  19 C   2p-1:     0.41) (  19 C   2p0 :     0.39)                              
               (  19 C   3p+1:    -3.05) (  19 C   3p-1:     2.25) (  19 C   3p0 :     0.66)                              
               (  19 C   2d-2:    -0.18) (  20 H   2s  :    -0.28) (  20 H   3s  :    -3.68)                              
               (  21 C   4s  :    11.23) (  21 C   2p+1:     0.90) (  21 C   2p-1:     0.58)                              
               (  21 C   2p0 :     0.27) (  21 C   3p+1:     4.01) (  21 C   3p-1:    -3.08)                              
               (  21 C   3p0 :    -0.47) (  21 C   2d+2:    -0.35) (  21 C   2d-1:     0.23)                              
               (  22 C   4s  :    -9.07) (  22 C   2p+1:     0.85) (  22 C   2p-1:     0.65)                              
               (  22 C   2p0 :     0.16) (  22 C   3p+1:    -0.69) (  22 C   3p-1:     6.79)                              
               (  22 C   3p0 :     1.66) (  22 C   2d+2:     0.36) (  23 C   3s  :     0.46)                              
               (  23 C   4s  :    19.27) (  23 C   2p+1:     0.73) (  23 C   2p-1:     0.20)                              
               (  23 C   2p0 :     0.18) (  23 C   3p+1:    -2.22) (  23 C   3p-1:     3.97)                              
               (  23 C   3p0 :     0.75) (  23 C   2d+2:    -0.18) (  23 C   2d-2:     0.19)                              
               (  24 H   2s  :    -0.53) (  24 H   3s  :     3.90) (  25 C   3s  :     0.34)                              
               (  25 C   4s  :   -13.55) (  25 C   2p+1:     0.49) (  25 C   2p0 :     0.18)                              
               (  25 C   3p+1:    -2.74) (  25 C   3p-1:    -2.17) (  25 C   3p0 :    -0.58)                              
               (  26 H   2s  :     0.36) (  26 H   3s  :    -1.85) (  27 S   5s  :    -2.54)                              
               (  27 S   3p+1:     0.31) (  27 S   3p0 :     0.23) (  27 S   4p+1:    -1.33)                              
               (  27 S   4p-1:     0.45) (  27 S   4p0 :     0.18) (  28 C   3s  :     0.20)                              
               (  28 C   4s  :    10.16) (  28 C   3p+1:    -1.10) (  28 C   3p-1:    -2.14)                              
               (  28 C   3p0 :    -1.00) (  28 C   2d-2:     0.19) (  29 C   4s  :    -4.58)                              
               (  29 C   3p+1:    -2.84) (  29 C   3p-1:     2.23) (  29 C   3p0 :     0.26)                              
               (  30 O   4s  :     0.35) (  30 O   3p+1:     0.19) (  32 C   4s  :    -0.92)                              
               (  32 C   3p+1:    -0.54) (  32 C   3p-1:     0.73) (  33 H   3s  :    -0.15)                              
               (  34 H   3s  :    -0.66) (  35 H   3s  :    -0.75)                                                        
                                                                                                                          
               Molecular Orbital No.  93:                                                                                 
               --------------------------                                                                                 
               Occupation: 0.000 Energy:    0.05182 a.u.                                                                  
               (   1 C   3s  :    -0.87) (   1 C   4s  :     8.40) (   1 C   2p-1:     0.30)                              
               (   1 C   3p-1:     7.12) (   1 C   3p0 :    -2.21) (   1 C   2d+1:    -0.18)                              
               (   1 C   2d+2:     0.48) (   1 C   2d-2:     0.32) (   2 C   4s  :   -13.13)                              
               (   2 C   2p+1:    -0.25) (   2 C   2p-1:    -0.33) (   2 C   2p0 :     0.16)                              
               (   2 C   3p+1:    -0.42) (   2 C   3p-1:     3.03) (   2 C   3p0 :    -0.71)                              
               (   2 C   2d+2:    -0.15) (   2 C   2d-2:     0.17) (   3 H   2s  :     0.68)                              
               (   3 H   3s  :    -1.86) (   4 N   3s  :     0.19) (   4 N   4s  :     2.71)                              
               (   4 N   3p-1:    -0.75) (   4 N   3p0 :     0.19) (   5 C   3s  :     0.31)                              
               (   5 C   4s  :    -4.03) (   5 C   2p+1:    -0.15) (   5 C   2p-1:    -0.36)                              
               (   5 C   3p+1:     0.79) (   5 C   3p-1:     0.66) (   5 C   3p0 :    -0.23)                              
               (   5 C   2d-2:     0.15) (   6 H   3s  :    -0.38) (   7 C   3s  :    -0.71)                              
               (   7 C   4s  :     7.13) (   7 C   3p+1:    -2.41) (   7 C   3p-1:     0.78)                              
               (   7 C   3p0 :    -0.23) (   7 C   2d+2:     0.24) (   7 C   2d-2:     0.16)                              
               (   8 H   3s  :     2.29) (   9 C   3s  :    -0.65) (   9 C   4s  :    -7.33)                              
               (   9 C   2p+1:    -0.64) (   9 C   2p-1:     0.33) (   9 C   3p+1:    -1.07)                              
               (   9 C   3p-1:    -1.93) (   9 C   3p0 :     1.12) (   9 C   2d+2:     0.72)                              
               (   9 C   2d-1:     0.19) (   9 C   2d-2:     0.16) (  10 C   3s  :     0.52)                              
               (  10 C   4s  :    12.16) (  10 C   2p+1:     0.75) (  10 C   2p-1:     0.17)                              
               (  10 C   3p+1:    -4.75) (  10 C   3p-1:     4.10) (  10 C   3p0 :    -0.60)                              
               (  10 C   2d-2:     0.48) (  11 H   3s  :     4.53) (  11 H   2p+1:     0.16)                              
               (  12 C   3s  :     0.17) (  12 C   4s  :   -16.17) (  12 C   2p+1:     0.31)                              
               (  12 C   2p-1:     0.38) (  12 C   3p+1:    -2.26) (  12 C   3p-1:    -3.56)                              
               (  12 C   3p0 :     1.31) (  13 H   2s  :     0.59) (  13 H   3s  :    -3.28)                              
               (  14 N   4s  :    -0.37) (  14 N   3p+1:     1.03) (  14 N   3p-1:    -2.59)                              
               (  15 C   3s  :    -0.31) (  15 C   4s  :     6.13) (  15 C   2p-1:    -0.33)                              
               (  15 C   2p0 :    -0.19) (  15 C   3p+1:     9.81) (  15 C   3p-1:     2.96)                              
               (  15 C   3p0 :     3.08) (  16 S   4s  :    -0.20) (  16 S   5s  :    -1.49)                              
               (  16 S   3p-1:    -0.25) (  16 S   4p+1:     3.35) (  16 S   4p-1:    -0.54)                              
               (  17 C   3s  :     0.28) (  17 C   4s  :    -6.26) (  17 C   2p+1:     0.22)                              
               (  17 C   2p-1:    -0.35) (  17 C   2p0 :    -0.19) (  17 C   3p+1:    -4.69)                              
               (  17 C   3p-1:     3.22) (  17 C   3p0 :     0.85) (  18 H   2s  :     0.52)                              
               (  18 H   3s  :    -0.50) (  19 C   3s  :     0.64) (  19 C   4s  :     6.78)                              
               (  19 C   2p-1:    -0.24) (  19 C   3p+1:    -1.11) (  19 C   3p-1:    -4.52)                              
               (  19 C   3p0 :    -2.17) (  20 H   3s  :     2.82) (  21 C   4s  :    -4.54)                              
               (  21 C   2p+1:    -0.19) (  21 C   3p+1:     6.43) (  21 C   3p-1:    -5.92)                              
               (  21 C   3p0 :    -2.76) (  21 C   2d+2:     0.29) (  21 C   2d-2:    -0.20)                              
               (  22 C   3s  :    -0.47) (  22 C   4s  :     7.68) (  22 C   2p-1:     0.16)                              
               (  22 C   3p+1:    -0.74) (  22 C   3p-1:    -0.36) (  22 C   3p0 :     0.56)                              
               (  22 C   2d-2:    -0.48) (  23 C   3s  :     0.32) (  23 C   4s  :    -9.32)                              
               (  23 C   2p-1:     0.64) (  23 C   2p0 :     0.20) (  23 C   3p+1:     1.48)                              
               (  23 C   3p-1:    -2.94) (  23 C   3p0 :    -0.90) (  23 C   2d+2:    -0.22)                              
               (  23 C   2d-2:    -0.16) (  24 H   2s  :     0.26) (  24 H   3s  :    -2.04)                              
               (  25 C   3s  :     0.27) (  25 C   4s  :     9.38) (  25 C   2p-1:    -0.18)                              
               (  25 C   3p+1:     1.67) (  25 C   3p-1:     2.96) (  25 C   3p0 :     1.05)                              
               (  25 C   2d-2:    -0.29) (  26 H   3s  :     2.78) (  27 S   4s  :    -0.29)                              
               (  27 S   5s  :    -0.53) (  27 S   3p+1:    -0.40) (  27 S   3p-1:     0.22)                              
               (  27 S   4p+1:     3.05) (  27 S   4p0 :     0.45) (  28 C   3s  :    -0.15)                              
               (  28 C   4s  :    -9.38) (  28 C   3p+1:     1.63) (  28 C   3p-1:     2.09)                              
               (  28 C   3p0 :     0.52) (  28 C   2d-2:    -0.18) (  29 C   4s  :     4.44)                              
               (  29 C   3p+1:     2.85) (  29 C   3p-1:    -1.74) (  30 O   3p+1:    -0.16)                              
               (  31 O   3p+1:     0.38) (  32 C   3s  :    -0.38) (  32 C   3p+1:     0.78)                              
               (  32 C   3p-1:    -0.67) (  32 C   3p0 :     0.24) (  33 H   2s  :     0.29)                              
               (  33 H   3s  :     0.25) (  34 H   2s  :     0.19) (  34 H   3s  :     0.59)                              
               (  35 H   2s  :     0.28) (  35 H   3s  :     1.80)                                                        
                                                                                                                          
                                                                                                                          
                                                Ground State Dipole Moment                                                
                                               ----------------------------                                               
                                                                                                                          
                                   X   :         1.354808 a.u.         3.443579 Debye                                     
                                   Y   :        -0.156528 a.u.        -0.397854 Debye                                     
                                   Z   :         1.048422 a.u.         2.664823 Debye                                     
                                 Total :         1.720231 a.u.         4.372391 Debye                                     
                                                                                                                          
!========================================================================================================================!
!                               VeloxChem execution completed at Fri Jun 12 17:28:28 2026.                               !
!========================================================================================================================!
!                                          Total execution time is 198.31 sec.                                           !
!========================================================================================================================!
!                     Rinkevicius, Z.; Li, X.; Vahtras, O.; Ahmadzadeh, K.; Brand, M.; Ringholm, M.;                     !
!                              List, N. H.; Scheurer, M.; Scott, M.; Dreuw, A.; Norman, P.                               !
!                     VeloxChem: A Python-driven Density-functional Theory Program for Spectroscopy                      !
!                                Simulations in High-performance Computing Environments.                                 !
!                                       WIREs Comput Mol Sci 2020, 10 (5), e1457.                                        !
!========================================================================================================================!
